MPLINK 5.09, LINKER
Linker Map File - Created Tue Jun 20 19:19:48 2023

                                 Section Info
                  Section       Type    Address   Location Size(Bytes)
                ---------  ---------  ---------  ---------  ---------
                   .org_0       code   0x000000    program   0x000008
                   .cinit    romdata   0x000008    program   0x000002
                MAIN_PROG       code   0x00000a    program   0x0001ca
.config_300001_BUILD/DEFAULT/PRODUCTION/MAIN.O    romdata   0x300001    program   0x000001
.config_300002_BUILD/DEFAULT/PRODUCTION/MAIN.O    romdata   0x300002    program   0x000001
.config_300003_BUILD/DEFAULT/PRODUCTION/MAIN.O    romdata   0x300003    program   0x000001
.config_300005_BUILD/DEFAULT/PRODUCTION/MAIN.O    romdata   0x300005    program   0x000001
.config_300006_BUILD/DEFAULT/PRODUCTION/MAIN.O    romdata   0x300006    program   0x000001



                              Program Memory Usage 
                               Start         End      
                           ---------   ---------      
                            0x000000    0x0001d3      
                            0x300001    0x300003      
                            0x300005    0x300006      
            473 out of 33048 program addresses used, program memory utilization is 1%



                              Symbols - Sorted by Name
                     Name    Address   Location    Storage File                     
                ---------  ---------  ---------  --------- ---------                
                   ABSHAR   0x000070    program     static C:\Users\pentium\Desktop\Project\mplab\PROJECT.X\main.asm
               ADD_TO_PWM   0x000050    program     static C:\Users\pentium\Desktop\Project\mplab\PROJECT.X\main.asm
                    AGAIN   0x0001b2    program     static C:\Users\pentium\Desktop\Project\mplab\PROJECT.X\main.asm
                    DELAY   0x0001bc    program     static C:\Users\pentium\Desktop\Project\mplab\PROJECT.X\main.asm
               LOOP_DELAY   0x0001b0    program     static C:\Users\pentium\Desktop\Project\mplab\PROJECT.X\main.asm
                     MAIN   0x00000a    program     static C:\Users\pentium\Desktop\Project\mplab\PROJECT.X\main.asm
              MAIN_ABSHAR   0x000028    program     static C:\Users\pentium\Desktop\Project\mplab\PROJECT.X\main.asm
            MAIN_ONE_OF_N   0x000030    program     static C:\Users\pentium\Desktop\Project\mplab\PROJECT.X\main.asm
                 MAIN_PWD   0x000038    program     static C:\Users\pentium\Desktop\Project\mplab\PROJECT.X\main.asm
                 ONE_OF_N   0x00013e    program     static C:\Users\pentium\Desktop\Project\mplab\PROJECT.X\main.asm
                      PWD   0x00005a    program     static C:\Users\pentium\Desktop\Project\mplab\PROJECT.X\main.asm
              ROTATE_LEFT   0x0001a8    program     static C:\Users\pentium\Desktop\Project\mplab\PROJECT.X\main.asm
                     SEND   0x0001ac    program     static C:\Users\pentium\Desktop\Project\mplab\PROJECT.X\main.asm
               SET_PWM_10   0x000046    program     static C:\Users\pentium\Desktop\Project\mplab\PROJECT.X\main.asm
              delay_inner   0x0001c4    program     static C:\Users\pentium\Desktop\Project\mplab\PROJECT.X\main.asm
               delay_loop   0x0001c0    program     static C:\Users\pentium\Desktop\Project\mplab\PROJECT.X\main.asm



                              Symbols - Sorted by Address
                     Name    Address   Location    Storage File                     
                ---------  ---------  ---------  --------- ---------                
                     MAIN   0x00000a    program     static C:\Users\pentium\Desktop\Project\mplab\PROJECT.X\main.asm
              MAIN_ABSHAR   0x000028    program     static C:\Users\pentium\Desktop\Project\mplab\PROJECT.X\main.asm
            MAIN_ONE_OF_N   0x000030    program     static C:\Users\pentium\Desktop\Project\mplab\PROJECT.X\main.asm
                 MAIN_PWD   0x000038    program     static C:\Users\pentium\Desktop\Project\mplab\PROJECT.X\main.asm
               SET_PWM_10   0x000046    program     static C:\Users\pentium\Desktop\Project\mplab\PROJECT.X\main.asm
               ADD_TO_PWM   0x000050    program     static C:\Users\pentium\Desktop\Project\mplab\PROJECT.X\main.asm
                      PWD   0x00005a    program     static C:\Users\pentium\Desktop\Project\mplab\PROJECT.X\main.asm
                   ABSHAR   0x000070    program     static C:\Users\pentium\Desktop\Project\mplab\PROJECT.X\main.asm
                 ONE_OF_N   0x00013e    program     static C:\Users\pentium\Desktop\Project\mplab\PROJECT.X\main.asm
              ROTATE_LEFT   0x0001a8    program     static C:\Users\pentium\Desktop\Project\mplab\PROJECT.X\main.asm
                     SEND   0x0001ac    program     static C:\Users\pentium\Desktop\Project\mplab\PROJECT.X\main.asm
               LOOP_DELAY   0x0001b0    program     static C:\Users\pentium\Desktop\Project\mplab\PROJECT.X\main.asm
                    AGAIN   0x0001b2    program     static C:\Users\pentium\Desktop\Project\mplab\PROJECT.X\main.asm
                    DELAY   0x0001bc    program     static C:\Users\pentium\Desktop\Project\mplab\PROJECT.X\main.asm
               delay_loop   0x0001c0    program     static C:\Users\pentium\Desktop\Project\mplab\PROJECT.X\main.asm
              delay_inner   0x0001c4    program     static C:\Users\pentium\Desktop\Project\mplab\PROJECT.X\main.asm


